mysql> SELECT user, host FROM mysql.user WHERE user = 'root';
+------+------------+
| user | host       |
+------+------------+
| root | 172.17.0.1 |
| root | localhost  |
+------+------------+
2 rows in set (0.00 sec)

mysql> ^DBye
PS C:\Users\Gap doi den chet> docker inspect mysql-container | findstr IPAddress
Error: No such object: mysql-container
PS C:\Users\Gap doi den chet> docker inspect mysql1 | findstr IPAddress
            "SecondaryIPAddresses": null,
            "IPAddress": "172.17.0.2",
                    "IPAddress": "172.17.0.2",
PS C:\Users\Gap doi den chet> docker run -d -p 3306:3306 --name mysql1 -e MYSQL_ROOT_PASSWORD=123 mysql:latest --bind-address=0.0.0.0
Unable to find image 'mysql:latest' locally
latest: Pulling from library/mysql
c2eb5d06bfea: Pull complete
ba361f0ba5e7: Pull complete
0e83af98b000: Pull complete
770e931107be: Pull complete
a2be1b721112: Pull complete
68c594672ed3: Pull complete
cfd201189145: Pull complete
e9f009c5b388: Pull complete
61a291920391: Pull complete
c8604ede059a: Pull complete
Digest: sha256:2247f6d47a59e5fa30a27ddc2e183a3e6b05bc045e3d12f8d429532647f61358
Status: Downloaded newer image for mysql:latest
docker: Error response from daemon: Conflict. The container name "/mysql1" is already in use by container "471191eb99575ca0b75a9af131b33ee7b0f6ebe9eac46a88d2e56df378f5e93b". You have to remove (or rename) that container to be able to reuse that name.

Run 'docker run --help' for more information
PS C:\Users\Gap doi den chet> docker ps
CONTAINER ID   IMAGE                       COMMAND                  CREATED          STATUS                    PORTS                                     NAMES
471191eb9957   mysql/mysql-server:latest   "/entrypoint.sh mysqâ€¦"   23 minutes ago   Up 22 minutes (healthy)   33060-33061/tcp, 0.0.0.0:3307->3306/tcp   mysql1
PS C:\Users\Gap doi den chet> docker exec -it mysql-container mysql -u root -p
Error response from daemon: No such container: mysql-container
PS C:\Users\Gap doi den chet> docker exec -it mysql1 mysql -u root -p
Enter password:
Welcome to the MySQL monitor.  Commands end with ; or \g.
Your MySQL connection id is 54
Server version: 8.0.32 MySQL Community Server - GPL

Copyright (c) 2000, 2023, Oracle and/or its affiliates.

Oracle is a registered trademark of Oracle Corporation and/or its
affiliates. Other names may be trademarks of their respective
owners.

Type 'help;' or '\h' for help. Type '\c' to clear the current input statement.

mysql> GRANT ALL PRIVIL
    -> 064 (42000): You have an error in your SQL syntax; check the manual that corresponds to your MySQL server version
    -> e right syntax to use near 'IDENTIFIED BY 'mysecretpassword'' at line 1
    -> FLUSH PRIVILEGES;
    ->
    ->
    -> ^DBye
PS C:\Users\Gap doi den chet> docker exec -it mysql1 mysql -u root -p
Enter password:
Welcome to the MySQL monitor.  Commands end with ; or \g.
Your MySQL connection id is 56
Server version: 8.0.32 MySQL Community Server - GPL

Copyright (c) 2000, 2023, Oracle and/or its affiliates.

Oracle is a registered trademark of Oracle Corporation and/or its
affiliates. Other names may be trademarks of their respective
owners.

Type 'help;' or '\h' for help. Type '\c' to clear the current input statement.

mysql> GRANT ALL PRIVILEGES ON *.* TO 'root'@'%' IDENTIFIED BY '123';
ERROR 1064 (42000): You have an error in your SQL syntax; check the manual that corresponds to your MySQL server version for the right syntax to use near 'IDENTIFIED BY '123'' at line 1
mysql> GRANT ALL PRIVILEGES ON *.* TO 'root'@'%' IDENTIFIED BY '123';
ERROR 1064 (42000): You have an error in your SQL syntax; check the manual that corresponds to your MySQL server version for the right syntax to use near 'IDENTIFIED BY '123'' at line 1
mysql> FLUSH PRIVILEGES;
Query OK, 0 rows affected (0.22 sec)

mysql> SELECT user, host FROM mysql.user;
+------------------+------------+
| user             | host       |
+------------------+------------+
| root             | 172.17.0.1 |
| healthchecker    | localhost  |
| mysql.infoschema | localhost  |
| mysql.session    | localhost  |
| mysql.sys        | localhost  |
| root             | localhost  |
+------------------+------------+
6 rows in set (0.01 sec)

mysql> ^DBye
PS C:\Users\Gap doi den chet> docker exec -it mysql-container mysql -u root -p -e "SELECT VERSION();"
Error response from daemon: No such container: mysql-container
PS C:\Users\Gap doi den chet> docker exec -it mysql1 mysql -u root -p -e "SELECT VERSION();"
Enter password:
+-----------+
| VERSION() |
+-----------+
| 8.0.32    |
+-----------+
PS C:\Users\Gap doi den chet> docker exec -it mysql-container mysql -u root -p
Error response from daemon: No such container: mysql-container
PS C:\Users\Gap doi den chet> docker exec -it mysql1 mysql -u root -p
Enter password:
Welcome to the MySQL monitor.  Commands end with ; or \g.
Your MySQL connection id is 70
Server version: 8.0.32 MySQL Community Server - GPL

Copyright (c) 2000, 2023, Oracle and/or its affiliates.

Oracle is a registered trademark of Oracle Corporation and/or its
affiliates. Other names may be trademarks of their respective
owners.

Type 'help;' or '\h' for help. Type '\c' to clear the current input statement.

mysql> ALTER USER 'root'@'%' IDENTIFIED BY '123';
ERROR 1396 (HY000): Operation ALTER USER failed for 'root'@'%'
mysql> GRANT ALL PRIVILEGES ON *.* TO 'root'@'%';
ERROR 1410 (42000): You are not allowed to create a user with GRANT
mysql> SELECT USER(), CURRENT_USER();
+----------------+----------------+
| USER()         | CURRENT_USER() |
+----------------+----------------+
| root@localhost | root@localhost |
+----------------+----------------+
1 row in set (0.02 sec)

mysql> SHOW GRANTS FOR 'root'@'localhost';
+--------------------------------------------------------------------------------------------------------------------------------------------------------------------------------------------------------------------------------------------------------------------------------------------------------------------------------------------------------------------------------------------------------------------------------------------------------------------------------------------------------------------------------------------------------------------------------------------------------------------------------------------------------------------------------------------------------------------------------------------------------------------------+
| Grants for root@localhost                                                                                                                                                                                                                                                                                                                                                                                                                                                                                                                                                                                                                                                                                                                                                |
+--------------------------------------------------------------------------------------------------------------------------------------------------------------------------------------------------------------------------------------------------------------------------------------------------------------------------------------------------------------------------------------------------------------------------------------------------------------------------------------------------------------------------------------------------------------------------------------------------------------------------------------------------------------------------------------------------------------------------------------------------------------------------+
| GRANT SELECT, INSERT, UPDATE, DELETE, CREATE, DROP, RELOAD, SHUTDOWN, PROCESS, FILE, REFERENCES, INDEX, ALTER, SHOW DATABASES, SUPER, CREATE TEMPORARY TABLES, LOCK TABLES, EXECUTE, REPLICATION SLAVE, REPLICATION CLIENT, CREATE VIEW, SHOW VIEW, CREATE ROUTINE, ALTER ROUTINE, CREATE USER, EVENT, TRIGGER, CREATE TABLESPACE, CREATE ROLE, DROP ROLE ON *.* TO `root`@`localhost` WITH GRANT OPTION                                                                                                                                                                                                                                                                                                                                                                 |
| GRANT APPLICATION_PASSWORD_ADMIN,AUDIT_ABORT_EXEMPT,AUDIT_ADMIN,AUTHENTICATION_POLICY_ADMIN,BACKUP_ADMIN,BINLOG_ADMIN,BINLOG_ENCRYPTION_ADMIN,CLONE_ADMIN,CONNECTION_ADMIN,ENCRYPTION_KEY_ADMIN,FIREWALL_EXEMPT,FLUSH_OPTIMIZER_COSTS,FLUSH_STATUS,FLUSH_TABLES,FLUSH_USER_RESOURCES,GROUP_REPLICATION_ADMIN,GROUP_REPLICATION_STREAM,INNODB_REDO_LOG_ARCHIVE,INNODB_REDO_LOG_ENABLE,PASSWORDLESS_USER_ADMIN,PERSIST_RO_VARIABLES_ADMIN,REPLICATION_APPLIER,REPLICATION_SLAVE_ADMIN,RESOURCE_GROUP_ADMIN,RESOURCE_GROUP_USER,ROLE_ADMIN,SENSITIVE_VARIABLES_OBSERVER,SERVICE_CONNECTION_ADMIN,SESSION_VARIABLES_ADMIN,SET_USER_ID,SHOW_ROUTINE,SYSTEM_USER,SYSTEM_VARIABLES_ADMIN,TABLE_ENCRYPTION_ADMIN,XA_RECOVER_ADMIN ON *.* TO `root`@`localhost` WITH GRANT OPTION |
| GRANT PROXY ON ``@`` TO `root`@`localhost` WITH GRANT OPTION                                                                                                                                                                                                                                                                                                                                                                                                                                                                                                                                                                                                                                                                                                             |
+--------------------------------------------------------------------------------------------------------------------------------------------------------------------------------------------------------------------------------------------------------------------------------------------------------------------------------------------------------------------------------------------------------------------------------------------------------------------------------------------------------------------------------------------------------------------------------------------------------------------------------------------------------------------------------------------------------------------------------------------------------------------------+
3 rows in set (0.00 sec)

mysql> SELECT user, host FROM mysql.user;
+------------------+------------+
| user             | host       |
+------------------+------------+
| root             | 172.17.0.1 |
| healthchecker    | localhost  |
| mysql.infoschema | localhost  |
| mysql.session    | localhost  |
| mysql.sys        | localhost  |
| root             | localhost  |
+------------------+------------+
6 rows in set (0.00 sec)

mysql> FLUSH PRIVILEGES;'@'%' IDENTIFIED BY '123';
Query OK, 0 rows affected (0.02 sec)

mysql> GRANT ALL PRIVILEGES ON *.* TO 'root'@'%' WITH GRANT OPTION;
mysql> K, 0 rows affected (0.13 sec)
mysql>
mysql> FLUSH PRIVILEGES;
mysql> K, 0 rows affected (0.02 sec)
mysql> SELECT user, host FROM mysql.user;
+------------------+------------+
| user             | host       |
+------------------+------------+
| root             | %          |
| root             | 172.17.0.1 |
| healthchecker    | localhost  |
| mysql.infoschema | localhost  |
| mysql.session    | localhost  |
| mysql.sys        | localhost  |
| root             | localhost  |
+------------------+------------+
7 rows in set (0.00 sec)

mysql> ALTER USER 'root'@'localhost' IDENTIFIED BY '123';
Query OK, 0 rows affected (0.10 sec)

mysql> GRANT ALL PRIVILEGES ON *.* TO 'root'@'localhost' WITH GRANT OPTION;
Query OK, 0 rows affected, 1 warning (0.05 sec)

mysql> FLUSH PRIVILEGES;
Query OK, 0 rows affected (0.03 sec)

mysql> CREATE USER IF NOT EXISTS 'root'@'%' IDENTIFIED BY '123';
Query OK, 0 rows affected, 1 warning (0.09 sec)

mysql> GRANT ALL PRIVILEGES ON *.* TO 'root'@'%' WITH GRANT OPTION;
Query OK, 0 rows affected (0.13 sec)

mysql> FLUSH PRIVILEGES;
Query OK, 0 rows affected (0.03 sec)

mysql> ^DBye
PS C:\Users\Gap doi den chet> mysql -h localhost -P 3306 -u root -p
mysql : The term 'mysql' is not recognized as the name of a cmdlet, function, script file, or operable program. Check
the spelling of the name, or if a path was included, verify that the path is correct and try again.
At line:1 char:1
+ mysql -h localhost -P 3306 -u root -p
+ ~~~~~                                                                                                                     + CategoryInfo          : ObjectNotFound: (mysql:String) [], CommandNotFoundException                                   + FullyQualifiedErrorId : CommandNotFoundException                                                                                                                                                                                          PS C:\Users\Gap doi den chet> where mysql                                                                               PS C:\Users\Gap doi den chet> docker exec -it mysql-container mysql -h localhost -P 3306 -u root -p                     Error response from daemon: No such container: mysql-container                                                          PS C:\Users\Gap doi den chet> docker exec -it mysql1 mysql -h localhost -P 3306 -u root -p
Enter password:
Welcome to the MySQL monitor.  Commands end with ; or \g.
Your MySQL connection id is 90                                                                                          Server version: 8.0.32 MySQL Community Server - GPL                                                                                                                                                                                             Copyright (c) 2000, 2023, Oracle and/or its affiliates.                                                                                                                                                                                         Oracle is a registered trademark of Oracle Corporation and/or its                                                       affiliates. Other names may be trademarks of their respective
owners.

Type 'help;' or '\h' for help. Type '\c' to clear the current input statement.

mysql> ^DBye
PS C:\Users\Gap doi den chet> telnet localhost 3306                                                                     telnet : The term 'telnet' is not recognized as the name of a cmdlet, function, script file, or operable program.       Check the spelling of the name, or if a path was included, verify that the path is correct and try again.               At line:1 char:1                                                                                                        + telnet localhost 3306                                                                                                 + ~~~~~~                                                                                                                    + CategoryInfo          : ObjectNotFound: (telnet:String) [], CommandNotFoundException
    + FullyQualifiedErrorId : CommandNotFoundException

PS C:\Users\Gap doi den chet> Test-NetConnection -ComputerName localhost -Port 3306
WARNING: TCP connect to (::1 : 3306) failed
WARNING: TCP connect to (127.0.0.1 : 3306) failed


ComputerName           : localhost
RemoteAddress          : ::1
RemotePort             : 3306
InterfaceAlias         : Loopback Pseudo-Interface 1
SourceAddress          : ::1
PingSucceeded          : True
PingReplyDetails (RTT) : 0 ms
TcpTestSucceeded       : False



PS C:\Users\Gap doi den chet> docker ps
CONTAINER ID   IMAGE                       COMMAND                  CREATED          STATUS                    PORTS                                     NAMES
471191eb9957   mysql/mysql-server:latest   "/entrypoint.sh mysqâ€¦"   42 minutes ago   Up 42 minutes (healthy)   33060-33061/tcp, 0.0.0.0:3307->3306/tcp   mysql1
PS C:\Users\Gap doi den chet> Test-NetConnection -ComputerName localhost -Port 3307


ComputerName     : localhost
RemoteAddress    : ::1
RemotePort       : 3307
InterfaceAlias   : Loopback Pseudo-Interface 1
SourceAddress    : ::1
TcpTestSucceeded : True
